// Jest Snapshot v1, https://goo.gl/fbAQLP

exports[`Storyshots App to App 1`] = `null`;
